// Jest Snapshot v1, https://goo.gl/fbAQLP

exports[`renders homepage unchanged 1`] = `
<div>
  <ul
    class="css-izdj8j"
  />
</div>
`;
